// Jest Snapshot v1, https://goo.gl/fbAQLP

exports[`should render demo and match snapshot 1`] = `
<main>
  <k-flex
    gap="md"
    style="padding-bottom: 16px"
    vertical="{{true}}"
  >
    <demo-block
      title="颜色"
    >
      <k-space
        wrap="{{true}}"
      >
        <k-button>
          Default
        </k-button>
        <k-button
          color="primary"
        >
          Primary
        </k-button>
        <k-button
          color="success"
        >
          Success
        </k-button>
        <k-button
          color="warning"
        >
          Warning
        </k-button>
        <k-button
          color="danger"
        >
          Dander
        </k-button>
      </k-space>
    </demo-block>
    <demo-block
      title="变体"
    >
      <k-space>
        <k-button>
          Default
        </k-button>
        <k-button
          color="primary"
          variant="clear"
        >
          Clear
        </k-button>
        <k-button
          color="success"
          variant="outline"
        >
          Outline
        </k-button>
      </k-space>
    </demo-block>
    <demo-block
      title="尺寸"
    >
      <k-space
        wrap="{{true}}"
      >
        <k-button
          size="sm"
        >
          Small
        </k-button>
        <k-button>
          Default
        </k-button>
        <k-button
          size="lg"
        >
          large
        </k-button>
      </k-space>
    </demo-block>
    <demo-block
      title="禁用"
    >
      <k-space>
        <k-button
          disabled="{{true}}"
        >
          Default
        </k-button>
        <k-button
          color="primary"
          disabled="{{true}}"
          variant="clear"
        >
          Clear
        </k-button>
        <k-button
          color="success"
          disabled="{{true}}"
          variant="outline"
        >
          Outline
        </k-button>
      </k-space>
    </demo-block>
    <demo-block
      title="加载"
    >
      <k-space>
        <k-button
          loading="{{true}}"
        >
          Default
        </k-button>
        <k-button
          color="primary"
          loading="{{true}}"
          variant="clear"
        >
          Clear
        </k-button>
        <k-button
          color="success"
          loading="{{true}}"
          variant="outline"
        >
          Outline
        </k-button>
      </k-space>
    </demo-block>
    <demo-block
      title="图标"
    >
      <k-space>
        <k-button
          icon="heart"
        >
          Default
        </k-button>
        <k-button
          color="primary"
          icon="heart"
          variant="clear"
        >
          Clear
        </k-button>
        <k-button
          color="success"
          icon="heart"
          variant="outline"
        >
          Outline
        </k-button>
      </k-space>
    </demo-block>
    <demo-block
      title="形状"
    >
      <k-space
        wrap="{{true}}"
      >
        <k-button
          color="primary"
          shape="round"
        >
          Primary
        </k-button>
        <k-button
          color="warning"
          shape="round"
        >
          Warning
        </k-button>
        <k-button
          color="primary"
          icon="add"
          shape="circle"
        />
        <k-button
          color="warning"
          icon="add"
          shape="circle"
        />
      </k-space>
    </demo-block>
    <demo-block
      title="展开"
    >
      <k-space
        style="display: flex"
        vertical="{{true}}"
      >
        <k-button
          color="success"
          expand="block"
          size="lg"
        >
          Primary
        </k-button>
        <k-button
          color="primary"
          expand="full"
          size="lg"
        >
          Success
        </k-button>
      </k-space>
    </demo-block>
  </k-flex>
</main>
`;
