// Jest Snapshot v1, https://goo.gl/fbAQLP

exports[`should render demo and match snapshot 1`] = `
<main>
  <k-flex
    gap="md"
    style="padding-bottom: 16px"
    vertical="{{true}}"
  >
    <demo-block
      padding="{{true}}"
      title="类型"
    >
      <k-space
        wrap="{{true}}"
      >
        <k-button>
          Default
        </k-button>
        <k-button
          type="primary"
        >
          Primary
        </k-button>
        <k-button
          type="secondary"
        >
          Secondary
        </k-button>
        <k-button
          type="success"
        >
          Success
        </k-button>
        <k-button
          type="warning"
        >
          Warning
        </k-button>
        <k-button
          type="danger"
        >
          Dander
        </k-button>
      </k-space>
    </demo-block>
    <demo-block
      padding="{{true}}"
      title="尺寸"
    >
      <k-space>
        <k-button
          size="small"
          type="primary"
        >
          Small
        </k-button>
        <k-button
          type="primary"
        >
          Default
        </k-button>
        <k-button
          size="large"
          type="primary"
        >
          Large
        </k-button>
      </k-space>
    </demo-block>
    <demo-block
      padding="{{true}}"
      title="变体"
    >
      <k-space>
        <k-button
          type="primary"
        >
          Default
        </k-button>
        <k-button
          type="secondary"
          variant="ghost"
        >
          Ghost
        </k-button>
        <k-button
          variant="outline"
        >
          Outline
        </k-button>
      </k-space>
    </demo-block>
    <demo-block
      padding="{{true}}"
      title="禁用"
    >
      <k-button
        disabled="{{true}}"
      >
        Button
      </k-button>
    </demo-block>
    <demo-block
      padding="{{true}}"
      title="加载"
    >
      <k-space>
        <k-button
          loading="{{true}}"
          type="primary"
        />
        <k-button
          loading="{{true}}"
          type="primary"
          variant="outline"
        >
          Primary
        </k-button>
      </k-space>
    </demo-block>
    <demo-block
      padding="{{true}}"
      title="图标"
    >
      <k-button
        icon="download"
        type="primary"
      >
        Download
      </k-button>
    </demo-block>
    <demo-block
      padding="{{true}}"
      title="形状"
    >
      <k-space>
        <k-button
          type="primary"
        >
          Default
        </k-button>
        <k-button
          shape="round"
          type="secondary"
        >
          Round
        </k-button>
        <k-button
          icon="plus"
          shape="circle"
          type="success"
        />
        <k-button
          shape="square"
          type="warning"
        >
          Square
        </k-button>
      </k-space>
    </demo-block>
    <demo-block
      padding="{{true}}"
      title="展开"
    >
      <k-space
        align="start"
        style="display: flex"
        vertical="{{true}}"
      >
        <k-button
          type="primary"
        >
          Default
        </k-button>
        <k-button
          expand="block"
          type="primary"
        >
          Block
        </k-button>
      </k-space>
    </demo-block>
  </k-flex>
</main>
`;
