// Jest Snapshot v1, https://goo.gl/fbAQLP

exports[`should render demo and match snapshot 1`] = `
<main>
  <k-flex
    gap="md"
    style="padding-bottom: 16px"
    vertical="{{true}}"
  >
    <demo-block
      title="主题"
    >
      <k-space>
        <k-loading />
        <k-loading
          type="primary"
        />
        <k-loading
          type="secondary"
        />
        <k-loading
          type="success"
        />
        <k-loading
          type="warning"
        />
        <k-loading
          type="danger"
        />
      </k-space>
    </demo-block>
    <demo-block
      title="尺寸"
    >
      <k-space
        align="start"
      >
        <k-loading
          label="加载中..."
          size="small"
        />
        <k-loading
          label="加载中..."
        />
        <k-loading
          label="加载中..."
          size="large"
        />
      </k-space>
    </demo-block>
    <demo-block
      title="标签"
    >
      <k-space>
        <k-loading
          label="加载中..."
        />
      </k-space>
    </demo-block>
    <demo-block
      title="垂直布局"
    >
      <k-space>
        <k-loading
          label="加载中"
          vertical="{{true}}"
        />
      </k-space>
    </demo-block>
    <demo-block
      title="标签颜色"
    >
      <k-space>
        <k-loading
          label="加载中"
          vertical="{{true}}"
        />
        <k-loading
          label="加载中"
          type="primary"
          vertical="{{true}}"
        />
      </k-space>
    </demo-block>
  </k-flex>
</main>
`;
