// Jest Snapshot v1, https://goo.gl/fbAQLP

exports[`should render demo and match snapshot 1`] = `
<main>
  <k-flex
    gap="md"
    style="padding-bottom: 16px"
    vertical="{{true}}"
  >
    <demo-block
      title="基础用法"
    >
      <k-space>
        <k-icon
          name="message"
          size="32px"
        />
        <k-icon
          name="user"
          size="32px"
        />
      </k-space>
    </demo-block>
    <demo-block
      title="图标颜色"
    >
      <k-space>
        <k-icon
          color="#006fee"
          name="store"
          size="32px"
        />
        <k-icon
          color="#f31260"
          name="fire"
          size="32px"
        />
      </k-space>
    </demo-block>
    <demo-block
      title="图标大小"
    >
      <k-space>
        <k-icon
          name="location"
          size="32px"
        />
        <k-icon
          name="location"
          size="48px"
        />
      </k-space>
    </demo-block>
    <demo-block
      title="基础图标"
      wrap="{{true}}"
    >
      <k-row
        gutter="{{
          [
            16,
            16,
          ]
        }}"
      >
        <k-col
          span="8"
        >
          <k-icon
            name="arrow-up-circle"
            size="32px"
          />
          <wx-text
            class="text"
          >
            arrow-up-circle
          </wx-text>
        </k-col>
        <k-col
          span="8"
        >
          <k-icon
            name="info-circle"
            size="32px"
          />
          <wx-text
            class="text"
          >
            info-circle
          </wx-text>
        </k-col>
        <k-col
          span="8"
        >
          <k-icon
            name="smile"
            size="32px"
          />
          <wx-text
            class="text"
          >
            smile
          </wx-text>
        </k-col>
        <k-col
          span="8"
        >
          <k-icon
            name="user-search"
            size="32px"
          />
          <wx-text
            class="text"
          >
            user-search
          </wx-text>
        </k-col>
        <k-col
          span="8"
        >
          <k-icon
            name="eye-off"
            size="32px"
          />
          <wx-text
            class="text"
          >
            eye-off
          </wx-text>
        </k-col>
        <k-col
          span="8"
        >
          <k-icon
            name="file-search"
            size="32px"
          />
          <wx-text
            class="text"
          >
            file-search
          </wx-text>
        </k-col>
        <k-col
          span="8"
        >
          <k-icon
            name="file-checked"
            size="32px"
          />
          <wx-text
            class="text"
          >
            file-checked
          </wx-text>
        </k-col>
        <k-col
          span="8"
        >
          <k-icon
            name="thumb-up"
            size="32px"
          />
          <wx-text
            class="text"
          >
            thumb-up
          </wx-text>
        </k-col>
        <k-col
          span="8"
        >
          <k-icon
            name="user-list"
            size="32px"
          />
          <wx-text
            class="text"
          >
            user-list
          </wx-text>
        </k-col>
        <k-col
          span="8"
        >
          <k-icon
            name="wifi"
            size="32px"
          />
          <wx-text
            class="text"
          >
            wifi
          </wx-text>
        </k-col>
        <k-col
          span="8"
        >
          <k-icon
            name="system"
            size="32px"
          />
          <wx-text
            class="text"
          >
            system
          </wx-text>
        </k-col>
        <k-col
          span="8"
        >
          <k-icon
            name="list"
            size="32px"
          />
          <wx-text
            class="text"
          >
            list
          </wx-text>
        </k-col>
        <k-col
          span="8"
        >
          <k-icon
            name="map"
            size="32px"
          />
          <wx-text
            class="text"
          >
            map
          </wx-text>
        </k-col>
        <k-col
          span="8"
        >
          <k-icon
            name="close-circle"
            size="32px"
          />
          <wx-text
            class="text"
          >
            close-circle
          </wx-text>
        </k-col>
        <k-col
          span="8"
        >
          <k-icon
            name="adjustment"
            size="32px"
          />
          <wx-text
            class="text"
          >
            adjustment
          </wx-text>
        </k-col>
        <k-col
          span="8"
        >
          <k-icon
            name="fullscreen"
            size="32px"
          />
          <wx-text
            class="text"
          >
            fullscreen
          </wx-text>
        </k-col>
        <k-col
          span="8"
        >
          <k-icon
            name="fire"
            size="32px"
          />
          <wx-text
            class="text"
          >
            fire
          </wx-text>
        </k-col>
        <k-col
          span="8"
        >
          <k-icon
            name="link"
            size="32px"
          />
          <wx-text
            class="text"
          >
            link
          </wx-text>
        </k-col>
        <k-col
          span="8"
        >
          <k-icon
            name="layout"
            size="32px"
          />
          <wx-text
            class="text"
          >
            layout
          </wx-text>
        </k-col>
        <k-col
          span="8"
        >
          <k-icon
            name="tree"
            size="32px"
          />
          <wx-text
            class="text"
          >
            tree
          </wx-text>
        </k-col>
        <k-col
          span="8"
        >
          <k-icon
            name="sensors"
            size="32px"
          />
          <wx-text
            class="text"
          >
            sensors
          </wx-text>
        </k-col>
        <k-col
          span="8"
        >
          <k-icon
            name="cake"
            size="32px"
          />
          <wx-text
            class="text"
          >
            cake
          </wx-text>
        </k-col>
        <k-col
          span="8"
        >
          <k-icon
            name="code"
            size="32px"
          />
          <wx-text
            class="text"
          >
            code
          </wx-text>
        </k-col>
        <k-col
          span="8"
        >
          <k-icon
            name="minus-circle"
            size="32px"
          />
          <wx-text
            class="text"
          >
            minus-circle
          </wx-text>
        </k-col>
        <k-col
          span="8"
        >
          <k-icon
            name="internet"
            size="32px"
          />
          <wx-text
            class="text"
          >
            internet
          </wx-text>
        </k-col>
        <k-col
          span="8"
        >
          <k-icon
            name="check-circle"
            size="32px"
          />
          <wx-text
            class="text"
          >
            check-circle
          </wx-text>
        </k-col>
        <k-col
          span="8"
        >
          <k-icon
            name="bluetooth"
            size="32px"
          />
          <wx-text
            class="text"
          >
            bluetooth
          </wx-text>
        </k-col>
        <k-col
          span="8"
        >
          <k-icon
            name="cpu"
            size="32px"
          />
          <wx-text
            class="text"
          >
            cpu
          </wx-text>
        </k-col>
        <k-col
          span="8"
        >
          <k-icon
            name="cloud"
            size="32px"
          />
          <wx-text
            class="text"
          >
            cloud
          </wx-text>
        </k-col>
        <k-col
          span="8"
        >
          <k-icon
            name="battery"
            size="32px"
          />
          <wx-text
            class="text"
          >
            battery
          </wx-text>
        </k-col>
        <k-col
          span="8"
        >
          <k-icon
            name="water"
            size="32px"
          />
          <wx-text
            class="text"
          >
            water
          </wx-text>
        </k-col>
        <k-col
          span="8"
        >
          <k-icon
            name="database"
            size="32px"
          />
          <wx-text
            class="text"
          >
            database
          </wx-text>
        </k-col>
        <k-col
          span="8"
        >
          <k-icon
            name="fullscreen-exit"
            size="32px"
          />
          <wx-text
            class="text"
          >
            fullscreen-exit
          </wx-text>
        </k-col>
        <k-col
          span="8"
        >
          <k-icon
            name="video-camera"
            size="32px"
          />
          <wx-text
            class="text"
          >
            video-camera
          </wx-text>
        </k-col>
        <k-col
          span="8"
        >
          <k-icon
            name="service"
            size="32px"
          />
          <wx-text
            class="text"
          >
            service
          </wx-text>
        </k-col>
        <k-col
          span="8"
        >
          <k-icon
            name="view-list"
            size="32px"
          />
          <wx-text
            class="text"
          >
            view-list
          </wx-text>
        </k-col>
        <k-col
          span="8"
        >
          <k-icon
            name="cube"
            size="32px"
          />
          <wx-text
            class="text"
          >
            cube
          </wx-text>
        </k-col>
        <k-col
          span="8"
        >
          <k-icon
            name="book"
            size="32px"
          />
          <wx-text
            class="text"
          >
            book
          </wx-text>
        </k-col>
        <k-col
          span="8"
        >
          <k-icon
            name="task"
            size="32px"
          />
          <wx-text
            class="text"
          >
            task
          </wx-text>
        </k-col>
        <k-col
          span="8"
        >
          <k-icon
            name="fingerprint"
            size="32px"
          />
          <wx-text
            class="text"
          >
            fingerprint
          </wx-text>
        </k-col>
        <k-col
          span="8"
        >
          <k-icon
            name="message"
            size="32px"
          />
          <wx-text
            class="text"
          >
            message
          </wx-text>
        </k-col>
        <k-col
          span="8"
        >
          <k-icon
            name="home"
            size="32px"
          />
          <wx-text
            class="text"
          >
            home
          </wx-text>
        </k-col>
        <k-col
          span="8"
        >
          <k-icon
            name="setting"
            size="32px"
          />
          <wx-text
            class="text"
          >
            setting
          </wx-text>
        </k-col>
        <k-col
          span="8"
        >
          <k-icon
            name="location"
            size="32px"
          />
          <wx-text
            class="text"
          >
            location
          </wx-text>
        </k-col>
        <k-col
          span="8"
        >
          <k-icon
            name="chevron-left"
            size="32px"
          />
          <wx-text
            class="text"
          >
            chevron-left
          </wx-text>
        </k-col>
        <k-col
          span="8"
        >
          <k-icon
            name="chevron-up"
            size="32px"
          />
          <wx-text
            class="text"
          >
            chevron-up
          </wx-text>
        </k-col>
        <k-col
          span="8"
        >
          <k-icon
            name="user"
            size="32px"
          />
          <wx-text
            class="text"
          >
            user
          </wx-text>
        </k-col>
        <k-col
          span="8"
        >
          <k-icon
            name="chevron-right"
            size="32px"
          />
          <wx-text
            class="text"
          >
            chevron-right
          </wx-text>
        </k-col>
        <k-col
          span="8"
        >
          <k-icon
            name="heart"
            size="32px"
          />
          <wx-text
            class="text"
          >
            heart
          </wx-text>
        </k-col>
        <k-col
          span="8"
        >
          <k-icon
            name="menu"
            size="32px"
          />
          <wx-text
            class="text"
          >
            menu
          </wx-text>
        </k-col>
        <k-col
          span="8"
        >
          <k-icon
            name="history"
            size="32px"
          />
          <wx-text
            class="text"
          >
            history
          </wx-text>
        </k-col>
        <k-col
          span="8"
        >
          <k-icon
            name="search"
            size="32px"
          />
          <wx-text
            class="text"
          >
            search
          </wx-text>
        </k-col>
        <k-col
          span="8"
        >
          <k-icon
            name="ticket"
            size="32px"
          />
          <wx-text
            class="text"
          >
            ticket
          </wx-text>
        </k-col>
        <k-col
          span="8"
        >
          <k-icon
            name="chevron-down"
            size="32px"
          />
          <wx-text
            class="text"
          >
            chevron-down
          </wx-text>
        </k-col>
        <k-col
          span="8"
        >
          <k-icon
            name="scan"
            size="32px"
          />
          <wx-text
            class="text"
          >
            scan
          </wx-text>
        </k-col>
        <k-col
          span="8"
        >
          <k-icon
            name="sound-low"
            size="32px"
          />
          <wx-text
            class="text"
          >
            sound-low
          </wx-text>
        </k-col>
        <k-col
          span="8"
        >
          <k-icon
            name="file-edit"
            size="32px"
          />
          <wx-text
            class="text"
          >
            file-edit
          </wx-text>
        </k-col>
        <k-col
          span="8"
        >
          <k-icon
            name="call"
            size="32px"
          />
          <wx-text
            class="text"
          >
            call
          </wx-text>
        </k-col>
        <k-col
          span="8"
        >
          <k-icon
            name="edit"
            size="32px"
          />
          <wx-text
            class="text"
          >
            edit
          </wx-text>
        </k-col>
        <k-col
          span="8"
        >
          <k-icon
            name="earphone"
            size="32px"
          />
          <wx-text
            class="text"
          >
            earphone
          </wx-text>
        </k-col>
        <k-col
          span="8"
        >
          <k-icon
            name="share"
            size="32px"
          />
          <wx-text
            class="text"
          >
            share
          </wx-text>
        </k-col>
        <k-col
          span="8"
        >
          <k-icon
            name="star"
            size="32px"
          />
          <wx-text
            class="text"
          >
            star
          </wx-text>
        </k-col>
        <k-col
          span="8"
        >
          <k-icon
            name="error-circle"
            size="32px"
          />
          <wx-text
            class="text"
          >
            error-circle
          </wx-text>
        </k-col>
        <k-col
          span="8"
        >
          <k-icon
            name="notification"
            size="32px"
          />
          <wx-text
            class="text"
          >
            notification
          </wx-text>
        </k-col>
        <k-col
          span="8"
        >
          <k-icon
            name="file"
            size="32px"
          />
          <wx-text
            class="text"
          >
            file
          </wx-text>
        </k-col>
        <k-col
          span="8"
        >
          <k-icon
            name="crown"
            size="32px"
          />
          <wx-text
            class="text"
          >
            crown
          </wx-text>
        </k-col>
        <k-col
          span="8"
        >
          <k-icon
            name="eye"
            size="32px"
          />
          <wx-text
            class="text"
          >
            eye
          </wx-text>
        </k-col>
        <k-col
          span="8"
        >
          <k-icon
            name="gift"
            size="32px"
          />
          <wx-text
            class="text"
          >
            gift
          </wx-text>
        </k-col>
        <k-col
          span="8"
        >
          <k-icon
            name="layers"
            size="32px"
          />
          <wx-text
            class="text"
          >
            layers
          </wx-text>
        </k-col>
        <k-col
          span="8"
        >
          <k-icon
            name="store"
            size="32px"
          />
          <wx-text
            class="text"
          >
            store
          </wx-text>
        </k-col>
        <k-col
          span="8"
        >
          <k-icon
            name="image"
            size="32px"
          />
          <wx-text
            class="text"
          >
            image
          </wx-text>
        </k-col>
        <k-col
          span="8"
        >
          <k-icon
            name="delete"
            size="32px"
          />
          <wx-text
            class="text"
          >
            delete
          </wx-text>
        </k-col>
        <k-col
          span="8"
        >
          <k-icon
            name="file-tray"
            size="32px"
          />
          <wx-text
            class="text"
          >
            file-tray
          </wx-text>
        </k-col>
        <k-col
          span="8"
        >
          <k-icon
            name="upload"
            size="32px"
          />
          <wx-text
            class="text"
          >
            upload
          </wx-text>
        </k-col>
        <k-col
          span="8"
        >
          <k-icon
            name="download"
            size="32px"
          />
          <wx-text
            class="text"
          >
            download
          </wx-text>
        </k-col>
        <k-col
          span="8"
        >
          <k-icon
            name="close"
            size="32px"
          />
          <wx-text
            class="text"
          >
            close
          </wx-text>
        </k-col>
        <k-col
          span="8"
        >
          <k-icon
            name="filter"
            size="32px"
          />
          <wx-text
            class="text"
          >
            filter
          </wx-text>
        </k-col>
        <k-col
          span="8"
        >
          <k-icon
            name="card"
            size="32px"
          />
          <wx-text
            class="text"
          >
            card
          </wx-text>
        </k-col>
        <k-col
          span="8"
        >
          <k-icon
            name="zoom-out"
            size="32px"
          />
          <wx-text
            class="text"
          >
            zoom-out
          </wx-text>
        </k-col>
        <k-col
          span="8"
        >
          <k-icon
            name="export"
            size="32px"
          />
          <wx-text
            class="text"
          >
            export
          </wx-text>
        </k-col>
        <k-col
          span="8"
        >
          <k-icon
            name="focus"
            size="32px"
          />
          <wx-text
            class="text"
          >
            focus
          </wx-text>
        </k-col>
        <k-col
          span="8"
        >
          <k-icon
            name="zoom-in"
            size="32px"
          />
          <wx-text
            class="text"
          >
            zoom-in
          </wx-text>
        </k-col>
        <k-col
          span="8"
        >
          <k-icon
            name="calendar"
            size="32px"
          />
          <wx-text
            class="text"
          >
            calendar
          </wx-text>
        </k-col>
        <k-col
          span="8"
        >
          <k-icon
            name="locked"
            size="32px"
          />
          <wx-text
            class="text"
          >
            locked
          </wx-text>
        </k-col>
        <k-col
          span="8"
        >
          <k-icon
            name="unlocked"
            size="32px"
          />
          <wx-text
            class="text"
          >
            unlocked
          </wx-text>
        </k-col>
        <k-col
          span="8"
        >
          <k-icon
            name="desktop"
            size="32px"
          />
          <wx-text
            class="text"
          >
            desktop
          </wx-text>
        </k-col>
        <k-col
          span="8"
        >
          <k-icon
            name="tag"
            size="32px"
          />
          <wx-text
            class="text"
          >
            tag
          </wx-text>
        </k-col>
        <k-col
          span="8"
        >
          <k-icon
            name="cut"
            size="32px"
          />
          <wx-text
            class="text"
          >
            cut
          </wx-text>
        </k-col>
        <k-col
          span="8"
        >
          <k-icon
            name="copy"
            size="32px"
          />
          <wx-text
            class="text"
          >
            copy
          </wx-text>
        </k-col>
        <k-col
          span="8"
        >
          <k-icon
            name="pause-circle"
            size="32px"
          />
          <wx-text
            class="text"
          >
            pause-circle
          </wx-text>
        </k-col>
        <k-col
          span="8"
        >
          <k-icon
            name="add"
            size="32px"
          />
          <wx-text
            class="text"
          >
            add
          </wx-text>
        </k-col>
        <k-col
          span="8"
        >
          <k-icon
            name="basketball"
            size="32px"
          />
          <wx-text
            class="text"
          >
            basketball
          </wx-text>
        </k-col>
        <k-col
          span="8"
        >
          <k-icon
            name="folder"
            size="32px"
          />
          <wx-text
            class="text"
          >
            folder
          </wx-text>
        </k-col>
        <k-col
          span="8"
        >
          <k-icon
            name="play-circle"
            size="32px"
          />
          <wx-text
            class="text"
          >
            play-circle
          </wx-text>
        </k-col>
        <k-col
          span="8"
        >
          <k-icon
            name="magic"
            size="32px"
          />
          <wx-text
            class="text"
          >
            magic
          </wx-text>
        </k-col>
        <k-col
          span="8"
        >
          <k-icon
            name="compass"
            size="32px"
          />
          <wx-text
            class="text"
          >
            compass
          </wx-text>
        </k-col>
        <k-col
          span="8"
        >
          <k-icon
            name="help-circle"
            size="32px"
          />
          <wx-text
            class="text"
          >
            help-circle
          </wx-text>
        </k-col>
        <k-col
          span="8"
        >
          <k-icon
            name="scan-face"
            size="32px"
          />
          <wx-text
            class="text"
          >
            scan-face
          </wx-text>
        </k-col>
        <k-col
          span="8"
        >
          <k-icon
            name="qrcode"
            size="32px"
          />
          <wx-text
            class="text"
          >
            qrcode
          </wx-text>
        </k-col>
        <k-col
          span="8"
        >
          <k-icon
            name="phone"
            size="32px"
          />
          <wx-text
            class="text"
          >
            phone
          </wx-text>
        </k-col>
        <k-col
          span="8"
        >
          <k-icon
            name="import"
            size="32px"
          />
          <wx-text
            class="text"
          >
            import
          </wx-text>
        </k-col>
        <k-col
          span="8"
        >
          <k-icon
            name="navigation"
            size="32px"
          />
          <wx-text
            class="text"
          >
            navigation
          </wx-text>
        </k-col>
        <k-col
          span="8"
        >
          <k-icon
            name="refresh"
            size="32px"
          />
          <wx-text
            class="text"
          >
            refresh
          </wx-text>
        </k-col>
        <k-col
          span="8"
        >
          <k-icon
            name="swap"
            size="32px"
          />
          <wx-text
            class="text"
          >
            swap
          </wx-text>
        </k-col>
        <k-col
          span="8"
        >
          <k-icon
            name="balloon"
            size="32px"
          />
          <wx-text
            class="text"
          >
            balloon
          </wx-text>
        </k-col>
        <k-col
          span="8"
        >
          <k-icon
            name="chart-pie"
            size="32px"
          />
          <wx-text
            class="text"
          >
            chart-pie
          </wx-text>
        </k-col>
        <k-col
          span="8"
        >
          <k-icon
            name="price-tag"
            size="32px"
          />
          <wx-text
            class="text"
          >
            price-tag
          </wx-text>
        </k-col>
        <k-col
          span="8"
        >
          <k-icon
            name="power-off"
            size="32px"
          />
          <wx-text
            class="text"
          >
            power-off
          </wx-text>
        </k-col>
        <k-col
          span="8"
        >
          <k-icon
            name="hospital"
            size="32px"
          />
          <wx-text
            class="text"
          >
            hospital
          </wx-text>
        </k-col>
        <k-col
          span="8"
        >
          <k-icon
            name="chart-bar"
            size="32px"
          />
          <wx-text
            class="text"
          >
            chart-bar
          </wx-text>
        </k-col>
        <k-col
          span="8"
        >
          <k-icon
            name="print"
            size="32px"
          />
          <wx-text
            class="text"
          >
            print
          </wx-text>
        </k-col>
        <k-col
          span="8"
        >
          <k-icon
            name="email"
            size="32px"
          />
          <wx-text
            class="text"
          >
            email
          </wx-text>
        </k-col>
        <k-col
          span="8"
        >
          <k-icon
            name="shop"
            size="32px"
          />
          <wx-text
            class="text"
          >
            shop
          </wx-text>
        </k-col>
      </k-row>
    </demo-block>
  </k-flex>
</main>
`;
