// Jest Snapshot v1, https://goo.gl/fbAQLP

exports[`should render demo and match snapshot 1`] = `
<main>
  <k-flex
    gap="md"
    style="padding-bottom: 16px"
    vertical="{{true}}"
  >
    <demo-block
      title="基础用法"
    >
      <k-button
        type="primary"
        bind:click="onClickBasicOpen"
      >
        Open
      </k-button>
    </demo-block>
    <demo-block
      title="异步关闭"
    >
      <k-button
        type="primary"
        bind:click="onClickAsyncOpen"
      >
        Open
      </k-button>
    </demo-block>
    <demo-block
      title="组件用法"
    >
      <k-button
        type="primary"
        bind:click="onClickComponentOpen"
      >
        Open
      </k-button>
    </demo-block>
    <k-dialog
      id="k-dialog"
    />
    <k-dialog
      open="{{false}}"
      title="Title"
      bind:cancel="onClickComponentCancel"
      bind:confirm="onClickComponentConfirm"
    >
      <wx-view>
        If the solution is ugly, then there must be a better solution, but it has not been discovered yet.
      </wx-view>
    </k-dialog>
  </k-flex>
</main>
`;
