// Jest Snapshot v1, https://goo.gl/fbAQLP

exports[`toast should render toast add match snapshot 1`] = `
<main>
  <wx-view
    class="k-toast k-fade-enter-to k-fade-enter-active enter-to-class enter-active-class k-class"
    id=""
    style="-webkit-transition-duration:300ms;transition-duration:300ms;z-index:11000"
    catch:touchmove="noop"
    bind:transitionend="onTransitionEnd"
  />
</main>
`;
