// Jest Snapshot v1, https://goo.gl/fbAQLP

exports[`should render demo and match snapshot 1`] = `
<main>
  <k-flex
    gap="md"
    style="padding-bottom: 16px"
    vertical="{{true}}"
  >
    <demo-block
      title="基础用法"
    >
      <k-row>
        <k-col
          span="8"
        >
          span:8
        </k-col>
        <k-col
          span="8"
        >
          span:8
        </k-col>
        <k-col
          span="8"
        >
          span:8
        </k-col>
      </k-row>
      <k-row>
        <k-col
          span="4"
        >
          span:4
        </k-col>
        <k-col
          offset="4"
          span="10"
        >
          offset:4, span:10
        </k-col>
      </k-row>
      <k-row>
        <k-col
          offset="12"
          span="12"
        >
          offset: 12, span:12
        </k-col>
      </k-row>
    </demo-block>
    <demo-block
      title="间距"
    >
      <k-row
        gutter="{{
          [
            20,
            20,
          ]
        }}"
      >
        <k-col
          span="8"
        >
          span:8
        </k-col>
        <k-col
          span="8"
        >
          span:8
        </k-col>
        <k-col
          span="8"
        >
          span:8
        </k-col>
        <k-col
          span="8"
        >
          span:8
        </k-col>
        <k-col
          span="8"
        >
          span:8
        </k-col>
        <k-col
          span="8"
        >
          span:8
        </k-col>
      </k-row>
    </demo-block>
    <demo-block
      title="排版"
    >
      <k-row
        justify="center"
        kClass="layout"
      >
        <k-col
          span="4"
        >
          span:4
        </k-col>
        <k-col
          span="4"
        >
          span:4
        </k-col>
        <k-col
          span="4"
        >
          span:4
        </k-col>
        <k-col
          span="4"
        >
          span:4
        </k-col>
      </k-row>
      <k-row
        justify="space-between"
        kClass="layout"
      >
        <k-col
          span="4"
        >
          span:4
        </k-col>
        <k-col
          span="4"
        >
          span:4
        </k-col>
        <k-col
          span="4"
        >
          span:4
        </k-col>
        <k-col
          span="4"
        >
          span:4
        </k-col>
      </k-row>
      <k-row
        align="middle"
        justify="space-around"
        kClass="layout"
      >
        <k-col
          span="4"
          style="height: 100px"
        >
          span:4
        </k-col>
        <k-col
          span="4"
          style="height: 50px"
        >
          span:4
        </k-col>
        <k-col
          span="4"
          style="height: 120px"
        >
          span:4
        </k-col>
        <k-col
          span="4"
          style="height: 80px"
        >
          span:4
        </k-col>
      </k-row>
    </demo-block>
  </k-flex>
</main>
`;
