// Jest Snapshot v1, https://goo.gl/fbAQLP

exports[`should render demo and match snapshot 1`] = `
<main>
  <k-flex
    gap="md"
    style="padding-bottom: 16px"
    vertical="{{true}}"
  >
    <demo-block
      padding="{{true}}"
      title="淡入淡出"
    >
      <k-space
        align="start"
        vertical="{{true}}"
      >
        <k-button
          size="sm"
          type="primary"
          variant="clear"
          bind:click="onClickFade"
        >
          Fade
        </k-button>
        <k-transition
          kClass="block"
          name="fade"
          visible="{{false}}"
        />
      </k-space>
    </demo-block>
    <demo-block
      padding="{{true}}"
      title="旋转"
    >
      <k-space
        align="start"
        vertical="{{true}}"
      >
        <k-button
          size="sm"
          type="primary"
          variant="clear"
          bind:click="onClickRotate"
        >
          Rotate
        </k-button>
        <k-transition
          duration="{{
            {
              "enter": 300,
              "leave": 1000,
            }
          }}"
          kClass="block"
          name="rotate"
          visible="{{false}}"
          bind:after-enter="onAfterEnter"
          bind:after-leave="onAfterLeave"
          bind:before-enter="onBeforeEnter"
          bind:before-leave="onBeforeLeave"
          bind:enter="onEnter"
          bind:leave="onLeave"
        />
      </k-space>
    </demo-block>
  </k-flex>
</main>
`;
