// Jest Snapshot v1, https://goo.gl/fbAQLP

exports[`should render demo and match snapshot 1`] = `
<main>
  <k-flex
    gap="md"
    style="padding-bottom: 16px"
    vertical="{{true}}"
  >
    <demo-block
      padding="{{true}}"
      title="基础用法"
    >
      <k-button
        size="sm"
        type="primary"
        variant="clear"
        bind:click="onClickOpen"
      >
        Open
      </k-button>
      <k-overlay
        visible="{{false}}"
        bind:click="onClickClose"
      />
    </demo-block>
  </k-flex>
</main>
`;
