// Jest Snapshot v1, https://goo.gl/fbAQLP

exports[`overlay should render overlay add match snapshot 1`] = `
<wx-view
  ariaLabel="close"
  ariaRole="button"
  class="k-overlay  k-class"
  id=""
  style="z-index:11000;display: none"
  bind:tap="onTap"
  catch:touchmove="noop"
  bind:transitionend="onTransitionEnd"
/>
`;
