// Jest Snapshot v1, https://goo.gl/fbAQLP

exports[`should render demo and match snapshot 1`] = `
<main>
  <k-flex
    gap="md"
    style="padding-bottom: 16px; width: 100%"
    vertical="{{true}}"
  >
    <demo-block
      title="基础用法"
    >
      <k-cell-group>
        <k-cell
          title="单元格"
          value="内容"
        />
        <k-cell
          border="{{false}}"
          label="描述信息"
          title="单元格"
          value="内容"
        />
      </k-cell-group>
    </demo-block>
    <demo-block
      title="卡片风格"
    >
      <k-cell-group
        variant="card"
      >
        <k-cell
          title="单元格"
          value="内容"
        />
        <k-cell
          border="{{false}}"
          label="描述信息"
          title="单元格"
          value="内容"
        />
      </k-cell-group>
    </demo-block>
    <demo-block
      title="单元格大小"
    >
      <k-cell-group>
        <k-cell
          size="large"
          title="单元格"
          value="内容"
        />
        <k-cell
          border="{{false}}"
          label="描述信息"
          size="large"
          title="单元格"
          value="内容"
        />
      </k-cell-group>
    </demo-block>
    <demo-block
      title="展示图标"
    >
      <k-cell
        border="{{false}}"
        icon="location"
        title="单元格"
        value="内容"
      />
    </demo-block>
    <demo-block
      title="展示箭头"
    >
      <k-cell-group>
        <k-cell
          arrow="{{true}}"
          clickable="{{true}}"
          title="单元格"
        />
        <k-cell
          arrow="{{true}}"
          border="{{false}}"
          clickable="{{true}}"
          title="单元格"
          value="内容"
        />
      </k-cell-group>
    </demo-block>
    <demo-block
      title="页面导航"
    >
      <k-cell
        arrow="{{true}}"
        border="{{false}}"
        clickable="{{true}}"
        title="路由跳转"
        url="/pages/index/index"
      />
    </demo-block>
    <demo-block
      title="分组标题"
    >
      <k-cell-group
        title="分组1"
      >
        <k-cell
          border="{{false}}"
          title="单元格"
          value="内容"
        />
      </k-cell-group>
      <k-cell-group
        title="分组2"
      >
        <k-cell
          border="{{false}}"
          title="单元格"
          value="内容"
        />
      </k-cell-group>
    </demo-block>
    <demo-block
      title="使用插槽"
    >
      <k-cell
        border="{{false}}"
        icon="store"
        title="单元格"
        value="内容"
      >
        <k-icon
          name="search"
          slot="right-icon"
          style="line-height: inherit"
        />
      </k-cell>
    </demo-block>
    <demo-block
      title="垂直居中"
    >
      <k-cell
        border="{{false}}"
        center="{{true}}"
        label="描述信息"
        title="单元格"
        value="内容"
      />
    </demo-block>
  </k-flex>
</main>
`;
