// Jest Snapshot v1, https://goo.gl/fbAQLP

exports[`should render demo and match snapshot 1`] = `
<main>
  <k-flex
    gap="md"
    style="padding-bottom: 16px"
    vertical="{{true}}"
  >
    <demo-block
      padding="{{true}}"
      title="基础用法"
    >
      <k-button
        type="primary"
        variant="clear"
        bind:click="onClickBasicOpen"
      >
        Open
      </k-button>
      <k-action-sheet
        options="{{
          [
            {
              "label": "Delete",
              "value": 0,
            },
            {
              "label": "Share",
              "value": 1,
            },
          ]
        }}"
        visible="{{false}}"
        bind:cancel="onClickBasicCancel"
        bind:select="onSelect"
      />
    </demo-block>
    <demo-block
      padding="{{true}}"
      title="选项颜色"
    >
      <k-button
        type="primary"
        variant="clear"
        bind:click="onClickColorOpen"
      >
        Open
      </k-button>
      <k-action-sheet
        cancelText="Cancel"
        options="{{
          [
            {
              "color": "var(--k-danger-color)",
              "label": "Delete",
              "value": 0,
            },
            {
              "color": "var(--k-primary-color)",
              "label": "Share",
              "value": 1,
            },
          ]
        }}"
        visible="{{false}}"
        bind:cancel="onClickColorCancel"
      />
    </demo-block>
    <demo-block
      padding="{{true}}"
      title="选项状态"
    >
      <k-button
        type="primary"
        variant="clear"
        bind:click="onClickStateOpen"
      >
        Open
      </k-button>
      <k-action-sheet
        cancelText="Cancel"
        options="{{
          [
            {
              "color": "var(--k-danger-color)",
              "disabled": true,
              "label": "Delete",
              "value": 0,
            },
            {
              "color": "var(--k-primary-color)",
              "label": "Share",
              "value": 1,
            },
          ]
        }}"
        visible="{{false}}"
        bind:cancel="onClickStateCancel"
      />
    </demo-block>
    <demo-block
      padding="{{true}}"
      title="标题信息"
    >
      <k-button
        type="primary"
        variant="clear"
        bind:click="onClickTitleOpen"
      >
        Open
      </k-button>
      <k-action-sheet
        cancelText="Cancel"
        options="{{
          [
            {
              "label": "Delete",
              "value": 0,
            },
            {
              "label": "Share",
              "value": 1,
            },
          ]
        }}"
        title="Actions"
        visible="{{false}}"
        bind:cancel="onClickTitleCancel"
      />
    </demo-block>
  </k-flex>
</main>
`;
