// Jest Snapshot v1, https://goo.gl/fbAQLP

exports[`should render demo and match snapshot 1`] = `
<main>
  <k-space
    size="md"
    style="padding-bottom: 16px"
    vertical="{{true}}"
  >
    <demo-block
      title="基本布局"
    >
      <k-flex>
        <k-button>
          Default
        </k-button>
        <k-button
          color="primary"
        >
          Primary
        </k-button>
        <k-button
          color="success"
        >
          Success
        </k-button>
      </k-flex>
    </demo-block>
    <demo-block
      title="vertical布局"
    >
      <k-flex
        vertical="{{true}}"
      >
        <k-button>
          Default
        </k-button>
        <k-button
          color="primary"
        >
          Primary
        </k-button>
        <k-button
          color="success"
        >
          Success
        </k-button>
      </k-flex>
    </demo-block>
    <demo-block
      title="对齐方式"
    >
      <k-flex
        align="center"
        justify="center"
      >
        <k-button>
          start
        </k-button>
        <k-button
          color="primary"
        >
          center
        </k-button>
        <k-button
          color="success"
        >
          end
        </k-button>
      </k-flex>
    </demo-block>
    <demo-block
      title="间距"
    >
      <k-flex
        gap="lg"
      >
        <k-button>
          small
        </k-button>
        <k-button
          color="primary"
        >
          middle
        </k-button>
        <k-button
          color="success"
        >
          large
        </k-button>
      </k-flex>
    </demo-block>
    <demo-block
      title="自动换行"
    >
      <k-flex
        gap="sm"
        wrap="wrap"
      >
        <k-button>
          Default
        </k-button>
        <k-button
          color="primary"
        >
          Primary
        </k-button>
        <k-button
          color="success"
        >
          Success
        </k-button>
        <k-button
          color="warning"
        >
          Warning
        </k-button>
        <k-button
          color="danger"
        >
          Danger
        </k-button>
      </k-flex>
    </demo-block>
  </k-space>
</main>
`;
