// Jest Snapshot v1, https://goo.gl/fbAQLP

exports[`should render demo and match snapshot 1`] = `
<main>
  <k-flex
    gap="md"
    style="padding-bottom: 16px"
    vertical="{{true}}"
  >
    <demo-block
      padding="{{true}}"
      title="基本布局"
    >
      <k-flex>
        <wx-view
          class="block"
        />
        <wx-view
          class="block"
        />
        <wx-view
          class="block"
        />
        <wx-view
          class="block"
        />
      </k-flex>
    </demo-block>
    <demo-block
      padding="{{true}}"
      title="垂直布局"
    >
      <k-flex
        gap="sm"
        vertical="{{true}}"
      >
        <k-button
          type="primary"
        >
          Primary
        </k-button>
        <k-button
          type="secondary"
        >
          Secondary
        </k-button>
        <k-button
          type="success"
        >
          Success
        </k-button>
      </k-flex>
    </demo-block>
    <demo-block
      padding="{{true}}"
      title="对齐方式"
    >
      <k-flex
        align="center"
        gap="sm"
        justify="center"
        kClass="layout"
      >
        <k-button
          type="primary"
        >
          Primary
        </k-button>
        <k-button
          type="secondary"
        >
          Secondary
        </k-button>
        <k-button
          type="success"
        >
          Success
        </k-button>
      </k-flex>
    </demo-block>
    <demo-block
      padding="{{true}}"
      title="间距"
    >
      <k-flex
        gap="lg"
      >
        <k-button
          type="primary"
        >
          Primary
        </k-button>
        <k-button
          type="secondary"
        >
          Secondary
        </k-button>
        <k-button
          type="success"
        >
          Success
        </k-button>
      </k-flex>
    </demo-block>
    <demo-block
      padding="{{true}}"
      title="自动换行"
    >
      <k-flex
        gap="sm"
        kClass="layout"
        wrap="wrap"
      >
        <k-button>
          Default
        </k-button>
        <k-button
          type="primary"
        >
          Primary
        </k-button>
        <k-button
          type="secondary"
        >
          Secondary
        </k-button>
        <k-button
          type="success"
        >
          Success
        </k-button>
        <k-button
          type="warning"
        >
          Warning
        </k-button>
        <k-button
          type="danger"
        >
          Danger
        </k-button>
      </k-flex>
    </demo-block>
  </k-flex>
</main>
`;
