// Jest Snapshot v1, https://goo.gl/fbAQLP

exports[`should render demo and match snapshot 1`] = `
<main>
  <k-flex
    gap="md"
    style="padding-bottom: 16px"
    vertical="{{true}}"
  >
    <demo-block
      title="基本布局"
    >
      <k-flex>
        <wx-view
          class="block"
        />
        <wx-view
          class="block"
        />
        <wx-view
          class="block"
        />
        <wx-view
          class="block"
        />
      </k-flex>
    </demo-block>
    <demo-block
      title="垂直布局"
    >
      <k-flex
        gap="small"
        vertical="{{true}}"
      >
        <k-button>
          Default
        </k-button>
        <k-button
          type="primary"
        >
          Primary
        </k-button>
        <k-button
          type="success"
        >
          Success
        </k-button>
      </k-flex>
    </demo-block>
    <demo-block
      title="对齐方式"
    >
      <k-flex
        align="center"
        gap="small"
        justify="flex-start"
        kClass="layout box"
      >
        <k-button>
          Default
        </k-button>
        <k-button
          type="primary"
        >
          Primary
        </k-button>
        <k-button
          type="success"
        >
          Success
        </k-button>
      </k-flex>
    </demo-block>
    <demo-block
      title="默认间距选项"
    >
      <k-flex
        gap="small"
      >
        <k-button
          data-gap="small"
          type="primary"
          bind:click="changeGap"
        >
          small
        </k-button>
        <k-button
          data-gap="middle"
          type="primary"
          bind:click="changeGap"
        >
          middle
        </k-button>
        <k-button
          data-gap="large"
          type="primary"
          bind:click="changeGap"
        >
          large
        </k-button>
        <k-button
          type="primary"
        >
          自定义间距
        </k-button>
      </k-flex>
    </demo-block>
    <demo-block
      title="自动换行"
    >
      <k-flex
        gap="{{
          [
            10,
            20,
          ]
        }}"
        kClass="layout"
        wrap="{{true}}"
      >
        <k-button>
          Default
        </k-button>
        <k-button
          type="primary"
        >
          Primary
        </k-button>
        <k-button
          type="secondary"
        >
          Secondary
        </k-button>
        <k-button
          type="success"
        >
          Success
        </k-button>
        <k-button
          type="warning"
        >
          Warning
        </k-button>
        <k-button
          type="danger"
        >
          Danger
        </k-button>
      </k-flex>
    </demo-block>
  </k-flex>
</main>
`;
